bandit12@bandit:~$ ls
data.txt
bandit12@bandit:~$ ls -la
total 24
drwxr-xr-x  2 root     root     4096 Jul 17 15:57 .
drwxr-xr-x 70 root     root     4096 Jul 17 15:58 ..
-rw-r--r--  1 root     root      220 Mar 31 08:41 .bash_logout
-rw-r--r--  1 root     root     3771 Mar 31 08:41 .bashrc
-rw-r-----  1 bandit13 bandit12 2638 Jul 17 15:57 data.txt
-rw-r--r--  1 root     root      807 Mar 31 08:41 .profile
bandit12@bandit:~$ mkdir /tmp/adri
bandit12@bandit:~$ xxd -r data.txt > /tmp/adri/data
bandit12@bandit:~$ cd /tmp/adri
bandit12@bandit:/tmp/adri$ file data
data: gzip compressed data, was "data2.bin", last modified: Wed Jul 17 15:57:06 2024, max compression, from Unix, original size modulo 2^32 577
bandit12@bandit:/tmp/adri$ ls
data
bandit12@bandit:/tmp/adri$ mv data data.gz
bandit12@bandit:/tmp/adri$ file data
data: cannot open `data' (No such file or directory)
bandit12@bandit:/tmp/adri$ ls
data.gz
bandit12@bandit:/tmp/adri$ gzip -d data.gz
bandit12@bandit:/tmp/adri$ ls
data
bandit12@bandit:/tmp/adri$ file data
data: bzip2 compressed data, block size = 900k
bandit12@bandit:/tmp/adri$ mv data data.bz2
bandit12@bandit:/tmp/adri$ bzip2 -d data.bz2
bandit12@bandit:/tmp/adri$ ls
data
bandit12@bandit:/tmp/adri$ file data
data: gzip compressed data, was "data4.bin", last modified: Wed Jul 17 15:57:06 2024, max compression, from Unix, original size modulo 2^32 20480
bandit12@bandit:/tmp/adri$ mv data data.gz
bandit12@bandit:/tmp/adri$ gzip -d data.gz
bandit12@bandit:/tmp/adri$ ls
data
bandit12@bandit:/tmp/adri$ file data
data: POSIX tar archive (GNU)
bandit12@bandit:/tmp/adri$ mv data data.tar
bandit12@bandit:/tmp/adri$ ls
data.tar
bandit12@bandit:/tmp/adri$ tar client_loop: send disconnect: Connection reset

C:\Users\Adrian Arias>ssh bandit12@bandit.labs.overthewire.org -p 2220
                         _                     _ _ _
                        | |__   __ _ _ __   __| (_) |_
                        | '_ \ / _` | '_ \ / _` | | __|
                        | |_) | (_| | | | | (_| | | |_
                        |_.__/ \__,_|_| |_|\__,_|_|\__|


                      This is an OverTheWire game server.
            More information on http://www.overthewire.org/wargames

bandit12@bandit.labs.overthewire.org's password:

      ,----..            ,----,          .---.
     /   /   \         ,/   .`|         /. ./|
    /   .     :      ,`   .'  :     .--'.  ' ;
   .   /   ;.  \   ;    ;     /    /__./ \ : |
  .   ;   /  ` ; .'___,/    ,' .--'.  '   \' .
  ;   |  ; \ ; | |    :     | /___/ \ |    ' '
  |   :  | ; | ' ;    |.';  ; ;   \  \;      :
  .   |  ' ' ' : `----'  |  |  \   ;  `      |
  '   ;  \; /  |     '   :  ;   .   \    .\  ;
   \   \  ',  /      |   |  '    \   \   ' \ |
    ;   :    /       '   :  |     :   '  |--"
     \   \ .'        ;   |.'       \   \ ;
  www. `---` ver     '---' he       '---" ire.org


Welcome to OverTheWire!

If you find any problems, please report them to the #wargames channel on
discord or IRC.

--[ Playing the games ]--

  This machine might hold several wargames.
  If you are playing "somegame", then:

    * USERNAMES are somegame0, somegame1, ...
    * Most LEVELS are stored in /somegame/.
    * PASSWORDS for each level are stored in /etc/somegame_pass/.

  Write-access to homedirectories is disabled. It is advised to create a
  working directory with a hard-to-guess name in /tmp/.  You can use the
  command "mktemp -d" in order to generate a random and hard to guess
  directory in /tmp/.  Read-access to both /tmp/ is disabled and to /proc
  restricted so that users cannot snoop on eachother. Files and directories
  with easily guessable or short names will be periodically deleted! The /tmp
  directory is regularly wiped.
  Please play nice:

    * don't leave orphan processes running
    * don't leave exploit-files laying around
    * don't annoy other players
    * don't post passwords or spoilers
    * again, DONT POST SPOILERS!
      This includes writeups of your solution on your blog or website!

--[ Tips ]--

  This machine has a 64bit processor and many security-features enabled
  by default, although ASLR has been switched off.  The following
  compiler flags might be interesting:

    -m32                    compile for 32bit
    -fno-stack-protector    disable ProPolice
    -Wl,-z,norelro          disable relro

  In addition, the execstack tool can be used to flag the stack as
  executable on ELF binaries.

  Finally, network-access is limited for most levels by a local
  firewall.

--[ Tools ]--

 For your convenience we have installed a few useful tools which you can find
 in the following locations:

    * gef (https://github.com/hugsy/gef) in /opt/gef/
    * pwndbg (https://github.com/pwndbg/pwndbg) in /opt/pwndbg/
    * peda (https://github.com/longld/peda.git) in /opt/peda/
    * gdbinit (https://github.com/gdbinit/Gdbinit) in /opt/gdbinit/
    * pwntools (https://github.com/Gallopsled/pwntools)
    * radare2 (http://www.radare.org/)

--[ More information ]--

  For more information regarding individual wargames, visit
  http://www.overthewire.org/wargames/

  For support, questions or comments, contact us on discord or IRC.

  Enjoy your stay!

bandit12@bandit:~$ ls
data.txt
bandit12@bandit:~$ mkdir /tmp/adri
mkdir: cannot create directory ‘/tmp/adri’: File exists
bandit12@bandit:~$ cd /tmp/adri
bandit12@bandit:/tmp/adri$ ls
data.tar
bandit12@bandit:/tmp/adri$ tar xf data.tar
bandit12@bandit:/tmp/adri$ ls
data5.bin  data.tar
bandit12@bandit:/tmp/adri$ mv data5.bin data.tar
bandit12@bandit:/tmp/adri$ ls
data.tar
bandit12@bandit:/tmp/adri$ tar xf data.tar
bandit12@bandit:/tmp/adri$ ls
data6.bin  data.tar
bandit12@bandit:/tmp/adri$ mv data6.bin data.tar
bandit12@bandit:/tmp/adri$ ls
data.tar
bandit12@bandit:/tmp/adri$ tar xf data.tar
bandit12@bandit:/tmp/adri$ ls
data8.bin  data.tar
bandit12@bandit:/tmp/adri$ mv data8.bin data.tar
bandit12@bandit:/tmp/adri$ tar xf data.tar
bandit12@bandit:/tmp/adri$ ls
data.tar
bandit12@bandit:/tmp/adri$ tar xf data.tar
bandit12@bandit:/tmp/adri$ ls
data.tar
bandit12@bandit:/tmp/adri$ tar xf data.tar
bandit12@bandit:/tmp/adri$ ls
data.tar
bandit12@bandit:/tmp/adri$ tar xf data.tar
bandit12@bandit:/tmp/adri$ ls
data.tar
bandit12@bandit:/tmp/adri$ file data.tar
data.tar: gzip compressed data, was "data9.bin", last modified: Wed Jul 17 15:57:06 2024, max compression, from Unix, original size modulo 2^32 49
bandit12@bandit:/tmp/adri$ mv data.tar data.gz
bandit12@bandit:/tmp/adri$ gzip -d data.gz
bandit12@bandit:/tmp/adri$ ls
data
bandit12@bandit:/tmp/adri$ file data
data: ASCII text
bandit12@bandit:/tmp/adri$ cat data
The password is FO5dwFsc0cbaIiH0h8J2eUks2vdTDwAn
bandit12@bandit:/tmp/adri$

Lo que se hace es nombrar alarchivo de acuerdo a su tipo y después usamos una función para descomprimir ese tipo de archivo, hay una forma mas fácil de hacer esto:

(poner aquí la forma facil)