bandit16@bandit:~$ netstat -antp
Active Internet connections (servers and established)
Proto Recv-Q Send-Q Local Address           Foreign Address         State       PID/Program name
netstat: no support for `AF INET (tcp)' on this system.
tcp6       0      0 :::31960                :::*                    LISTEN      -
tcp6       0      0 :::31691                :::*                    LISTEN      -
tcp6       0      0 :::2230                 :::*                    LISTEN      -
tcp6       0      0 :::2231                 :::*                    LISTEN      -
tcp6       0      0 :::2232                 :::*                    LISTEN      -
tcp6       0      0 :::2220                 :::*                    LISTEN      -
tcp6       0      0 :::22                   :::*                    LISTEN      -
tcp6       0      0 :::31046                :::*                    LISTEN      -
tcp6       0     36 10.0.1.6:2220           201.117.251.53:51868    ESTABLISHED -
tcp6       0      0 10.0.1.6:2220           73.95.45.125:62313      ESTABLISHED -
tcp6       0      0 10.0.1.6:2220           168.167.26.215:47066    ESTABLISHED -
tcp6       0      0 10.0.1.6:2220           89.196.33.253:57017     ESTABLISHED -
tcp6       0      0 10.0.1.6:2220           46.114.216.205:12497    ESTABLISHED -
tcp6       0      0 10.0.1.6:2220           189.203.238.13:36326    ESTABLISHED -
tcp6       0      0 10.0.1.6:2220           223.238.220.188:47982   ESTABLISHED -
tcp6       0    352 10.0.1.6:2220           176.198.200.53:30894    ESTABLISHED -
tcp6       0   1512 10.0.1.6:2220           201.117.251.53:46206    ESTABLISHED -
tcp6       0      0 10.0.1.6:2220           5.179.191.156:9004      ESTABLISHED -
tcp6       0     36 10.0.1.6:2220           201.117.251.53:56144    ESTABLISHED -
tcp6       0    360 10.0.1.6:2220           61.12.82.214:47252      ESTABLISHED -
tcp6       0    684 10.0.1.6:2220           171.223.194.9:24877     ESTABLISHED -
tcp6       0      0 10.0.1.6:2220           135.180.238.251:63724   ESTABLISHED -
tcp6       0      0 10.0.1.6:2220           190.111.193.122:17312   ESTABLISHED -
tcp6       0      0 10.0.1.6:2220           190.111.193.122:6778    ESTABLISHED -
tcp6       0      0 10.0.1.6:2220           99.82.220.106:63327     ESTABLISHED -
tcp6       0      0 10.0.1.6:2220           176.0.9.59:16921        ESTABLISHED -
tcp6       0      0 10.0.1.6:2220           73.172.230.148:56801    ESTABLISHED -
tcp6       0      0 10.0.1.6:2220           108.190.55.84:59931     ESTABLISHED -
tcp6       0      0 10.0.1.6:2220           84.205.172.68:43294     ESTABLISHED -
tcp6       0      0 10.0.1.6:2220           146.70.230.117:10166    ESTABLISHED -
tcp6       0      0 10.0.1.6:2220           150.143.142.145:35458   ESTABLISHED -
tcp6       0      0 10.0.1.6:2220           139.5.250.113:63488     ESTABLISHED -
tcp6       0      0 10.0.1.6:2220           16.16.6.82:56842        ESTABLISHED -
tcp6       0      0 10.0.1.6:2220           62.200.204.4:59970      ESTABLISHED -
tcp6       0     72 10.0.1.6:2220           68.234.144.23:57266     ESTABLISHED -
tcp6       0      0 10.0.1.6:2220           150.143.142.145:56302   ESTABLISHED -
tcp6       0    324 10.0.1.6:2220           49.37.135.147:59052     ESTABLISHED -
tcp6       0    304 10.0.1.6:2220           119.73.101.91:50952     ESTABLISHED -
tcp6       0      0 10.0.1.6:2220           106.78.1.45:17512       ESTABLISHED -
tcp6       0      0 10.0.1.6:2220           62.74.14.136:62200      ESTABLISHED -
tcp6       0      0 10.0.1.6:2220           67.176.167.150:52982    ESTABLISHED -
tcp6       0      0 127.0.0.1:2220          127.0.0.1:57932         ESTABLISHED -
tcp6       0    540 10.0.1.6:2220           223.104.111.136:48407   ESTABLISHED -
tcp6       0      0 10.0.1.6:2220           132.157.129.112:59548   ESTABLISHED -
tcp6       0    416 10.0.1.6:2220           27.97.181.8:35722       ESTABLISHED -
tcp6       0      0 10.0.1.6:2220           2.9.33.38:53084         ESTABLISHED -
tcp6       0      0 10.0.1.6:2220           110.33.46.178:51904     ESTABLISHED -
tcp6       0      0 10.0.1.6:2220           107.134.6.57:54288      ESTABLISHED -
tcp6       0      0 10.0.1.6:2220           168.181.48.140:8955     ESTABLISHED -
tcp6       0      0 10.0.1.6:2220           62.74.14.136:62157      ESTABLISHED -
tcp6       0    356 10.0.1.6:2220           24.126.73.5:1109        ESTABLISHED -
tcp6       0      0 10.0.1.6:2220           179.111.65.17:56137     ESTABLISHED -
tcp6       0      0 10.0.1.6:2220           78.63.113.42:63492      ESTABLISHED -
tcp6       0   6624 10.0.1.6:2220           201.117.251.53:62085    ESTABLISHED -
tcp6       0      0 10.0.1.6:2220           89.196.33.253:57415     ESTABLISHED -
tcp6       0    296 10.0.1.6:2220           79.228.250.163:55177    ESTABLISHED -
tcp6       0    304 10.0.1.6:2220           181.9.126.18:55122      ESTABLISHED -
tcp6       0      0 10.0.1.6:2220           190.111.193.122:10032   ESTABLISHED -
tcp6       0      0 10.0.1.6:2220           175.184.253.10:52670    ESTABLISHED -
tcp6       0    304 10.0.1.6:2220           119.73.101.91:49433     ESTABLISHED -
tcp6       0      0 10.0.1.6:2220           149.22.81.131:56716     ESTABLISHED -
tcp6       0      0 10.0.1.6:2220           41.97.211.233:42068     ESTABLISHED -
tcp6       0      0 10.0.1.6:2220           190.111.193.122:15072   ESTABLISHED -
tcp6       0      0 10.0.1.6:2220           143.106.58.183:10451    ESTABLISHED -
tcp6       0      0 10.0.1.6:2220           190.114.32.59:61686     ESTABLISHED -
tcp6       0      0 10.0.1.6:2220           65.18.115.36:2505       ESTABLISHED -
tcp6       0      0 10.0.1.6:2220           79.116.135.208:37206    ESTABLISHED -
tcp6       0      0 10.0.1.6:2220           217.116.228.10:53427    ESTABLISHED -
tcp6       0      0 10.0.1.6:2220           106.194.40.194:30766    ESTABLISHED -
tcp6       0      0 10.0.1.6:2220           23.121.120.60:59498     ESTABLISHED -
tcp6       0      0 10.0.1.6:2220           190.111.193.122:9980    ESTABLISHED -
tcp6       0      0 10.0.1.6:2220           190.178.65.64:34102     ESTABLISHED -
tcp6       0    256 10.0.1.6:2220           176.198.200.53:30848    ESTABLISHED -
tcp6       0    304 10.0.1.6:2220           203.81.85.77:18753      ESTABLISHED -
tcp6       0      0 10.0.1.6:2220           146.168.247.119:52211   ESTABLISHED -
tcp6       0    304 10.0.1.6:2220           181.115.214.76:8027     ESTABLISHED -
tcp6       0      0 10.0.1.6:2220           88.6.76.213:58118       ESTABLISHED -
tcp6       0      0 10.0.1.6:2220           201.117.251.53:49424    ESTABLISHED -
tcp6       0    304 10.0.1.6:2220           49.43.217.109:54004     ESTABLISHED -
tcp6       0      0 10.0.1.6:2220           201.117.251.53:55696    ESTABLISHED -
tcp6       0      0 10.0.1.6:2220           37.30.10.14:48589       ESTABLISHED -
tcp6       0      0 10.0.1.6:2220           190.111.193.122:6010    ESTABLISHED -
tcp6       0     52 10.0.1.6:2220           110.172.156.191:50791   ESTABLISHED -
tcp6       0      0 10.0.1.6:2220           181.115.214.76:8154     ESTABLISHED -
tcp6       0     44 10.0.1.6:2220           201.117.251.53:55250    ESTABLISHED -
tcp6       0      0 10.0.1.6:2220           85.244.169.21:43408     ESTABLISHED -
tcp6       0      0 10.0.1.6:2220           178.201.87.33:53623     ESTABLISHED -
tcp6       0      0 10.0.1.6:2220           5.179.191.156:9102      ESTABLISHED -
tcp6       0    304 10.0.1.6:2220           92.44.149.43:13459      ESTABLISHED -
tcp6       0    324 10.0.1.6:2220           43.229.88.34:58140      ESTABLISHED -
tcp6       0      0 10.0.1.6:2220           178.201.87.33:53627     ESTABLISHED -
tcp6       0      0 10.0.1.6:2220           75.190.34.152:57584     ESTABLISHED -
tcp6       0      0 10.0.1.6:2220           176.198.200.53:55063    ESTABLISHED -
tcp6       0      0 10.0.1.6:2220           84.203.133.11:40978     ESTABLISHED -
tcp6       0      0 10.0.1.6:2220           75.218.98.167:55884     ESTABLISHED -
tcp6       0    268 10.0.1.6:2220           75.190.34.152:56449     ESTABLISHED -
tcp6       0      0 10.0.1.6:2220           141.98.252.215:37056    ESTABLISHED -
tcp6       0     72 10.0.1.6:2220           105.111.169.0:48911     ESTABLISHED -
tcp6       0      0 10.0.1.6:2220           14.38.158.153:53895     ESTABLISHED -
tcp6       0      0 127.0.0.1:2220          127.0.0.1:60146         ESTABLISHED -
tcp6       0      0 10.0.1.6:2220           97.135.52.183:33548     ESTABLISHED -
tcp6       0      0 10.0.1.6:2220           92.44.149.43:13108      ESTABLISHED -
tcp6       0    180 10.0.1.6:2220           197.43.203.247:62990    ESTABLISHED -
tcp6       0      0 10.0.1.6:2220           212.132.225.118:56944   ESTABLISHED -
tcp6       0      0 10.0.1.6:2220           201.117.251.53:54648    ESTABLISHED -
tcp6       0      0 10.0.1.6:2220           5.112.173.101:31032     ESTABLISHED -
tcp6       0      0 10.0.1.6:2220           197.239.106.5:57399     ESTABLISHED -
tcp6       0      0 10.0.1.6:2220           68.101.27.210:52044     ESTABLISHED -
tcp6       0      0 10.0.1.6:2220           181.115.214.76:16289    ESTABLISHED -
tcp6       0     72 10.0.1.6:2220           149.102.245.155:24167   ESTABLISHED -
tcp6       0      0 10.0.1.6:2220           217.71.2.82:55465       ESTABLISHED -
tcp6       0      0 10.0.1.6:2220           189.203.97.70:51296     ESTABLISHED -
tcp6       0      0 10.0.1.6:2220           90.212.190.29:63446     ESTABLISHED -
tcp6       0    304 10.0.1.6:2220           119.73.101.91:50572     ESTABLISHED -
tcp6       0      0 10.0.1.6:2220           150.143.142.145:37812   ESTABLISHED -
tcp6       0      0 10.0.1.6:2220           62.74.14.136:62167      ESTABLISHED -
tcp6       0      0 10.0.1.6:2220           190.111.193.122:7811    ESTABLISHED -
tcp6       0      0 10.0.1.6:2220           218.106.32.13:38905     ESTABLISHED -
tcp6       0    268 10.0.1.6:2220           105.112.230.190:22363   ESTABLISHED -
tcp6       0      0 10.0.1.6:2220           212.102.33.148:5347     ESTABLISHED -
tcp6       0      0 10.0.1.6:2220           92.72.46.161:28814      ESTABLISHED -
tcp6       0      0 10.0.1.6:2220           88.241.131.217:58966    ESTABLISHED -
tcp6       0      0 10.0.1.6:2220           196.61.44.164:63609     ESTABLISHED -
tcp6       0      0 10.0.1.6:2220           201.117.251.53:50411    ESTABLISHED -
tcp6       0      0 10.0.1.6:2220           158.62.35.90:35203      ESTABLISHED -
tcp6       0      0 10.0.1.6:2220           176.12.147.183:27686    ESTABLISHED -
tcp6       0    380 10.0.1.6:2220           201.191.51.110:45360    ESTABLISHED -
tcp6       0    760 10.0.1.6:2220           66.181.187.25:21085     ESTABLISHED -
tcp6       0      0 10.0.1.6:2220           189.203.238.13:57738    ESTABLISHED -
tcp6       0      0 10.0.1.6:2220           41.82.170.232:24730     ESTABLISHED -
tcp6       0      0 10.0.1.6:2220           187.136.64.104:22534    ESTABLISHED -
tcp6       0    268 10.0.1.6:2220           223.238.220.188:48016   ESTABLISHED -
tcp6       0      0 10.0.1.6:2220           190.119.221.37:58127    ESTABLISHED -
tcp6       0      0 10.0.1.6:2220           103.62.151.202:40012    ESTABLISHED -
tcp6       0      0 10.0.1.6:2220           5.179.191.156:9132      ESTABLISHED -
tcp6       0    268 10.0.1.6:2220           106.195.35.138:57442    ESTABLISHED -
tcp6       0      0 10.0.1.6:2220           96.252.81.38:50906      ESTABLISHED -
tcp6       0      0 10.0.1.6:2220           201.117.251.53:59150    ESTABLISHED -
tcp6       0    268 10.0.1.6:2220           119.73.101.91:49831     ESTABLISHED -
tcp6       0      0 10.0.1.6:2220           102.134.100.252:53015   ESTABLISHED -
tcp6       0      0 10.0.1.6:2220           108.67.44.67:52581      ESTABLISHED -
tcp6       0      0 10.0.1.6:2220           217.116.228.10:60827    ESTABLISHED -
tcp6       0      0 10.0.1.6:2220           169.150.218.34:5464     ESTABLISHED -
tcp6       0      0 10.0.1.6:2220           5.179.191.156:9143      ESTABLISHED -
tcp6       0      0 10.0.1.6:2220           37.14.102.78:60165      ESTABLISHED -
tcp6       0      0 10.0.1.6:2220           108.39.11.43:46034      ESTABLISHED -
tcp6       0    144 10.0.1.6:2220           141.98.252.215:43344    ESTABLISHED -
tcp6       0      0 10.0.1.6:2220           190.104.191.245:59737   ESTABLISHED -
tcp6       0      0 127.0.0.1:2220          127.0.0.1:60594         ESTABLISHED -
tcp6       0      0 10.0.1.6:2220           73.8.30.88:58938        ESTABLISHED -
tcp6       0      0 10.0.1.6:2220           190.114.32.59:61602     ESTABLISHED -
tcp6       0      0 10.0.1.6:2220           67.175.138.207:44564    ESTABLISHED -
tcp6       0      0 10.0.1.6:2220           190.111.193.122:8455    ESTABLISHED -
tcp6       0      0 10.0.1.6:2220           190.111.193.122:10165   ESTABLISHED -
tcp6       0    496 10.0.1.6:2220           171.223.194.9:23731     ESTABLISHED -
tcp6       0      0 10.0.1.6:2220           110.138.92.86:59918     ESTABLISHED -
tcp6       0      0 10.0.1.6:2220           176.198.200.53:55084    ESTABLISHED -
tcp6       0    268 10.0.1.6:2220           130.195.250.80:14115    ESTABLISHED -
tcp6       0      0 10.0.1.6:2220           176.198.200.53:30897    ESTABLISHED -
tcp6       0      0 10.0.1.6:2220           168.167.26.166:53456    ESTABLISHED -
tcp6       0    296 10.0.1.6:2220           119.73.101.91:50149     ESTABLISHED -
tcp6       0      0 10.0.1.6:2220           78.192.173.72:40926     ESTABLISHED -
tcp6       0      0 10.0.1.6:2220           77.9.178.214:51384      ESTABLISHED -
tcp6       0      0 10.0.1.6:2220           130.195.250.93:56682    ESTABLISHED -
tcp6       0      0 10.0.1.6:2220           223.238.220.188:48004   ESTABLISHED -
tcp6       0      0 10.0.1.6:2220           64.189.36.25:51646      ESTABLISHED -
tcp6       0      0 10.0.1.6:2220           103.230.104.4:51994     ESTABLISHED -
tcp6       0      0 10.0.1.6:2220           5.179.191.156:9139      ESTABLISHED -
tcp6       0      0 10.0.1.6:2220           92.44.149.43:12991      ESTABLISHED -
tcp6       0      0 127.0.0.1:2220          127.0.0.1:34244         ESTABLISHED -
tcp6       0      0 10.0.1.6:2220           201.117.251.53:54809    ESTABLISHED -
tcp6       0      1 10.0.1.6:2220           190.111.193.122:7815    FIN_WAIT1   -
tcp6       0      0 10.0.1.6:2220           150.143.142.145:46718   ESTABLISHED -
tcp6       0      0 10.0.1.6:2220           105.113.12.84:10488     ESTABLISHED -
tcp6       0      0 10.0.1.6:2220           73.46.195.100:34634     ESTABLISHED -
tcp6       0    296 10.0.1.6:2220           66.181.187.25:21100     ESTABLISHED -
tcp6       0      0 10.0.1.6:2220           37.30.10.14:48623       ESTABLISHED -
tcp6       0      0 10.0.1.6:2220           186.189.245.244:51194   ESTABLISHED -
tcp6       0      0 10.0.1.6:2220           88.181.93.188:14341     ESTABLISHED -
tcp6       0      0 10.0.1.6:2220           41.66.124.9:42089       ESTABLISHED -
tcp6       0      0 10.0.1.6:2220           152.58.222.236:38016    ESTABLISHED -
tcp6       0     36 10.0.1.6:2220           182.204.28.198:31888    ESTABLISHED -
tcp6       0      0 10.0.1.6:2220           106.195.35.138:57436    ESTABLISHED -
tcp6       0      0 10.0.1.6:2220           190.111.193.122:9976    ESTABLISHED -
tcp6       0      0 10.0.1.6:2220           181.115.136.115:48376   ESTABLISHED -
tcp6       0      0 10.0.1.6:2220           84.199.88.155:35263     ESTABLISHED -
tcp6       0      0 10.0.1.6:2220           171.6.199.25:46934      ESTABLISHED -
tcp6       0     72 10.0.1.6:2220           51.6.108.17:51664       ESTABLISHED -
tcp6       0      0 10.0.1.6:2220           106.194.40.194:30754    ESTABLISHED -
tcp6       0      0 10.0.1.6:2220           156.213.231.82:9931     ESTABLISHED -
tcp6       0      0 10.0.1.6:2220           27.34.70.160:31192      ESTABLISHED -
tcp6       0    268 10.0.1.6:2220           49.43.163.22:6788       ESTABLISHED -
tcp6       0      0 10.0.1.6:2220           201.117.251.53:54774    ESTABLISHED -
tcp6       0      0 10.0.1.6:2220           71.213.30.9:61699       ESTABLISHED -
tcp6       0    504 10.0.1.6:2220           202.134.14.131:48254    ESTABLISHED -
tcp6       0      0 10.0.1.6:2220           176.198.200.53:55073    ESTABLISHED -
tcp6       0      0 10.0.1.6:2220           139.5.250.113:63470     ESTABLISHED -
tcp6       0      0 10.0.1.6:2220           181.115.214.76:8197     ESTABLISHED -
tcp6       0      0 10.0.1.6:2220           106.195.35.138:57439    ESTABLISHED -
tcp6       0      0 10.0.1.6:2220           93.208.181.249:40964    ESTABLISHED -
tcp6       0      0 10.0.1.6:2220           49.43.217.109:51444     ESTABLISHED -
tcp6       0      0 10.0.1.6:2220           107.170.233.148:42786   ESTABLISHED -
tcp6       0      0 10.0.1.6:2220           82.65.145.243:61363     ESTABLISHED -
tcp6       0      0 10.0.1.6:2220           109.205.16.158:46906    ESTABLISHED -
tcp6       0      0 10.0.1.6:2220           118.68.76.57:1615       ESTABLISHED -
tcp6       0      0 10.0.1.6:2220           154.121.115.18:51768    ESTABLISHED -
tcp6       0      0 10.0.1.6:2220           102.88.81.114:63561     ESTABLISHED -
tcp6       0      0 10.0.1.6:2220           175.184.253.10:64909    ESTABLISHED -
tcp6       0      0 10.0.1.6:2220           176.198.200.53:38772    ESTABLISHED -
tcp6       0      0 10.0.1.6:2220           87.90.74.61:47156       ESTABLISHED -
tcp6       0   3312 10.0.1.6:2220           181.202.12.242:28208    ESTABLISHED -
tcp6       0      0 10.0.1.6:2220           37.30.10.14:48522       ESTABLISHED -
tcp6       0      0 10.0.1.6:2220           77.138.249.222:56381    ESTABLISHED -
tcp6       0      0 10.0.1.6:2220           195.201.187.122:58959   ESTABLISHED -
tcp6       0      0 10.0.1.6:2220           175.184.253.10:49591    ESTABLISHED -
tcp6       0      0 10.0.1.6:2220           27.97.177.42:42056      ESTABLISHED -
tcp6       0      0 10.0.1.6:2220           152.58.222.236:56648    ESTABLISHED -
tcp6       0    296 10.0.1.6:2220           88.26.22.135:53730      ESTABLISHED -
tcp6       0      0 10.0.1.6:2220           201.117.251.53:59796    ESTABLISHED -
bandit16@bandit:~$ nmap localhost
Starting Nmap 7.94SVN ( https://nmap.org ) at 2024-09-02 16:54 UTC
Nmap scan report for localhost (127.0.0.1)
Host is up (0.00011s latency).
Not shown: 993 closed tcp ports (conn-refused)
PORT      STATE SERVICE
22/tcp    open  ssh
1111/tcp  open  lmsocialserver
1840/tcp  open  netopia-vo2
4321/tcp  open  rwhois
8000/tcp  open  http-alt
30000/tcp open  ndmps
50001/tcp open  unknown

Nmap done: 1 IP address (1 host up) scanned in 0.05 seconds
bandit16@bandit:~$ nmap -p 31000-32000 localhost
Starting Nmap 7.94SVN ( https://nmap.org ) at 2024-09-02 16:55 UTC
Nmap scan report for localhost (127.0.0.1)
Host is up (0.00018s latency).
Not shown: 996 closed tcp ports (conn-refused)
PORT      STATE SERVICE
31046/tcp open  unknown
31518/tcp open  unknown
31691/tcp open  unknown
31790/tcp open  unknown
31960/tcp open  unknown

Nmap done: 1 IP address (1 host up) scanned in 0.14 seconds
bandit16@bandit:~$ ncat --ssl localhost 31046
Ncat: Input/output error.
bandit16@bandit:~$ ncat --ssl localhost 31518

^C
bandit16@bandit:~$ ncat --ssl localhost 31518
kSkvUpMQ7lBYyCM4GBPvCvT1BfWRy0Dx
^C
bandit16@bandit:~$ ncat --ssl localhost 31790
kSkvUpMQ7lBYyCM4GBPvCvT1BfWRy0Dx
Correct!
-----BEGIN RSA PRIVATE KEY-----
MIIEogIBAAKCAQEAvmOkuifmMg6HL2YPIOjon6iWfbp7c3jx34YkYWqUH57SUdyJ
imZzeyGC0gtZPGujUSxiJSWI/oTqexh+cAMTSMlOJf7+BrJObArnxd9Y7YT2bRPQ
Ja6Lzb558YW3FZl87ORiO+rW4LCDCNd2lUvLE/GL2GWyuKN0K5iCd5TbtJzEkQTu
DSt2mcNn4rhAL+JFr56o4T6z8WWAW18BR6yGrMq7Q/kALHYW3OekePQAzL0VUYbW
JGTi65CxbCnzc/w4+mqQyvmzpWtMAzJTzAzQxNbkR2MBGySxDLrjg0LWN6sK7wNX
x0YVztz/zbIkPjfkU1jHS+9EbVNj+D1XFOJuaQIDAQABAoIBABagpxpM1aoLWfvD
KHcj10nqcoBc4oE11aFYQwik7xfW+24pRNuDE6SFthOar69jp5RlLwD1NhPx3iBl
J9nOM8OJ0VToum43UOS8YxF8WwhXriYGnc1sskbwpXOUDc9uX4+UESzH22P29ovd
d8WErY0gPxun8pbJLmxkAtWNhpMvfe0050vk9TL5wqbu9AlbssgTcCXkMQnPw9nC
YNN6DDP2lbcBrvgT9YCNL6C+ZKufD52yOQ9qOkwFTEQpjtF4uNtJom+asvlpmS8A
vLY9r60wYSvmZhNqBUrj7lyCtXMIu1kkd4w7F77k+DjHoAXyxcUp1DGL51sOmama
+TOWWgECgYEA8JtPxP0GRJ+IQkX262jM3dEIkza8ky5moIwUqYdsx0NxHgRRhORT
8c8hAuRBb2G82so8vUHk/fur85OEfc9TncnCY2crpoqsghifKLxrLgtT+qDpfZnx
SatLdt8GfQ85yA7hnWWJ2MxF3NaeSDm75Lsm+tBbAiyc9P2jGRNtMSkCgYEAypHd
HCctNi/FwjulhttFx/rHYKhLidZDFYeiE/v45bN4yFm8x7R/b0iE7KaszX+Exdvt
SghaTdcG0Knyw1bpJVyusavPzpaJMjdJ6tcFhVAbAjm7enCIvGCSx+X3l5SiWg0A
R57hJglezIiVjv3aGwHwvlZvtszK6zV6oXFAu0ECgYAbjo46T4hyP5tJi93V5HDi
Ttiek7xRVxUl+iU7rWkGAXFpMLFteQEsRr7PJ/lemmEY5eTDAFMLy9FL2m9oQWCg
R8VdwSk8r9FGLS+9aKcV5PI/WEKlwgXinB3OhYimtiG2Cg5JCqIZFHxD6MjEGOiu
L8ktHMPvodBwNsSBULpG0QKBgBAplTfC1HOnWiMGOU3KPwYWt0O6CdTkmJOmL8Ni
blh9elyZ9FsGxsgtRBXRsqXuz7wtsQAgLHxbdLq/ZJQ7YfzOKU4ZxEnabvXnvWkU
YOdjHdSOoKvDQNWu6ucyLRAWFuISeXw9a/9p7ftpxm0TSgyvmfLF2MIAEwyzRqaM
77pBAoGAMmjmIJdjp+Ez8duyn3ieo36yrttF5NSsJLAbxFpdlc1gvtGCWW+9Cq0b
dxviW8+TFVEBl1O4f7HVm6EpTscdDxU+bCXWkfjuRb7Dy9GOtt9JPsX8MBTakzh3
vBgsyi/sN3RqRBcGU40fOoZyfAMT8s1m/uYv52O6IgeuZ/ujbjY=
-----END RSA PRIVATE KEY-----

^C
bandit16@bandit:~$ exit

nmap es una herramienta para escanear puertos en un host